<html>
<body>
<pre>
<h1>µVision Build Log</h1>
<h2>Tool Versions:</h2>
IDE-Version: ¦ÌVision V5.18.0.0
Copyright (C) 2016 ARM Ltd and ARM Germany GmbH. All rights reserved.
License Information: raibkbb H8319H, adwfaf, LIC=FQQNN-YJISL-PHD89-4SYBR-3BTKQ-RDE0P
 
Tool Versions:
Toolchain:       MDK-ARM Professional  Version: 5.18
Toolchain Path:  D:\Keil uvision5 MDK\Keil uvision5 MDK\ARM\ARMCC\Bin
C Compiler:      Armcc.exe V5.06 update 1 (build 61)
Assembler:       Armasm.exe V5.06 update 1 (build 61)
Linker/Locator:  ArmLink.exe V5.06 update 1 (build 61)
Library Manager: ArmAr.exe V5.06 update 1 (build 61)
Hex Converter:   FromElf.exe V5.06 update 1 (build 61)
CPU DLL:         SARMCM3.DLL V5.18
Dialog DLL:      DCM.DLL V1.13.6.0
Target DLL:      Segger\JL2CM3.dll V2.99.18.0
Dialog DLL:      TCM.DLL V1.14.8.0
 
<h2>Project:</h2>
D:\MCU_Code\MM32F3277\MiaoA\MDK\MM32F3277.uvprojx
Project File Date:  11/22/2021

<h2>Output:</h2>
*** Using Compiler 'V5.06 update 1 (build 61)', folder: 'D:\Keil uvision5 MDK\Keil uvision5 MDK\ARM\ARMCC\Bin'
Build target 'MM32F3277_Demo'
compiling SEEKFREE_IIC.c...
compiling SEEKFREE_ICM20602.c...
compiling main.c...
compiling SEEKFREE_ABSOLUTE_ENCODER.c...
compiling isr.c...
linking...
Program Size: Code=9352 RO-data=7480 RW-data=300 ZI-data=23588  
".\Objects\MM32F3277.axf" - 0 Error(s), 0 Warning(s).

<h2>Collection of Component include folders:</h2>
  D:\MCU_Code\MM32F3277\MiaoA\MDK\RTE

<h2>Collection of Component Files used:</h2>
Build Time Elapsed:  00:00:02
</pre>
</body>
</html>
